Microsoft Windows [Version 6.1.7601]
Copyright (c) 2009 Microsoft Corporation.  All rights reserved.

D:\PrashantHarney\dev\code>git --viersion
Unknown option: --viersion
usage: git [--version] [--help] [-C <path>] [-c name=value]
           [--exec-path[=<path>]] [--html-path] [--man-path] [--info-path]
           [-p | --paginate | --no-pager] [--no-replace-objects] [--bare]
           [--git-dir=<path>] [--work-tree=<path>] [--namespace=<name>]
           <command> [<args>]

D:\PrashantHarney\dev\code>git --version
git version 2.9.0.windows.1

D:\PrashantHarney\dev\code>git inti IRP-Batch-Repo
git: 'inti' is not a git command. See 'git --help'.

Did you mean this?
        init

D:\PrashantHarney\dev\code>git intit IRP-Batch-Repo
git: 'intit' is not a git command. See 'git --help'.

Did you mean this?
        init

D:\PrashantHarney\dev\code>git init IRP-Batch-Repo
Initialized empty Git repository in D:/PrashantHarney/dev/code/IRP-Batch-Repo/.g
it/

D:\PrashantHarney\dev\code>cd IRP-Batch-Repo

D:\PrashantHarney\dev\code\IRP-Batch-Repo>git status
On branch master

Initial commit

nothing to commit (create/copy files and use "git add" to track)

D:\PrashantHarney\dev\code\IRP-Batch-Repo>notepade text
'notepade' is not recognized as an internal or external command,
operable program or batch file.

D:\PrashantHarney\dev\code\IRP-Batch-Repo>notepade text.txt
'notepade' is not recognized as an internal or external command,
operable program or batch file.

D:\PrashantHarney\dev\code\IRP-Batch-Repo>dir /AH
 Volume in drive D is Data
 Volume Serial Number is C8CC-6101

 Directory of D:\PrashantHarney\dev\code\IRP-Batch-Repo

03/29/2017  03:14 PM    <DIR>          .git
               0 File(s)              0 bytes
               1 Dir(s)  211,286,007,808 bytes free

D:\PrashantHarney\dev\code\IRP-Batch-Repo>dir /A
 Volume in drive D is Data
 Volume Serial Number is C8CC-6101

 Directory of D:\PrashantHarney\dev\code\IRP-Batch-Repo

03/29/2017  03:15 PM    <DIR>          .
03/29/2017  03:15 PM    <DIR>          ..
03/29/2017  03:14 PM    <DIR>          .git
03/29/2017  03:15 PM                14 test.txt
               1 File(s)             14 bytes
               3 Dir(s)  211,286,007,808 bytes free

D:\PrashantHarney\dev\code\IRP-Batch-Repo>git status
On branch master

Initial commit

Untracked files:
  (use "git add <file>..." to include in what will be committed)

        test.txt

nothing added to commit but untracked files present (use "git add" to track)

D:\PrashantHarney\dev\code\IRP-Batch-Repo>git add test.txt

D:\PrashantHarney\dev\code\IRP-Batch-Repo>git status
On branch master

Initial commit

Changes to be committed:
  (use "git rm --cached <file>..." to unstage)

        new file:   test.txt


D:\PrashantHarney\dev\code\IRP-Batch-Repo>git branch

D:\PrashantHarney\dev\code\IRP-Batch-Repo>git commit -m "initial commit"
[master (root-commit) 5bd3d79] initial commit
 Committer: Harney <prashant.harney@capgemini.com>
Your name and email address were configured automatically based
on your username and hostname. Please check that they are accurate.
You can suppress this message by setting them explicitly. Run the
following command and follow the instructions in your editor to edit
your configuration file:

    git config --global --edit

After doing this, you may fix the identity used for this commit with:

    git commit --amend --reset-author

 1 file changed, 1 insertion(+)
 create mode 100644 test.txt

D:\PrashantHarney\dev\code\IRP-Batch-Repo>git branch
* master

D:\PrashantHarney\dev\code\IRP-Batch-Repo>git log
commit 5bd3d79ed91606965f277d06a767e98851569c5b
Author: Harney <prashant.harney@capgemini.com>
Date:   Wed Mar 29 15:22:57 2017 +0530

    initial commit

D:\PrashantHarney\dev\code\IRP-Batch-Repo>start

D:\PrashantHarney\dev\code\IRP-Batch-Repo>dir
 Volume in drive D is Data
 Volume Serial Number is C8CC-6101

 Directory of D:\PrashantHarney\dev\code\IRP-Batch-Repo

03/29/2017  03:15 PM    <DIR>          .
03/29/2017  03:15 PM    <DIR>          ..
03/29/2017  03:15 PM                14 test.txt
               1 File(s)             14 bytes
               2 Dir(s)  211,285,962,752 bytes free

D:\PrashantHarney\dev\code\IRP-Batch-Repo>git branch
* master

D:\PrashantHarney\dev\code\IRP-Batch-Repo>git log
commit 5bd3d79ed91606965f277d06a767e98851569c5b
Author: Harney <prashant.harney@capgemini.com>
Date:   Wed Mar 29 15:22:57 2017 +0530

    initial commit

D:\PrashantHarney\dev\code\IRP-Batch-Repo>git status
On branch master
nothing to commit, working directory clean

D:\PrashantHarney\dev\code\IRP-Batch-Repo>git remote add origin6 D:\PrashantHarn
ey\dev\code\IRP-Batch-Repo-Shared.git

D:\PrashantHarney\dev\code\IRP-Batch-Repo>git remote -v
origin6 D:\PrashantHarney\dev\code\IRP-Batch-Repo-Shared.git (fetch)
origin6 D:\PrashantHarney\dev\code\IRP-Batch-Repo-Shared.git (push)

D:\PrashantHarney\dev\code\IRP-Batch-Repo>git push origin6 master
Counting objects: 3, done.
Writing objects: 100% (3/3), 229 bytes | 0 bytes/s, done.
Total 3 (delta 0), reused 0 (delta 0)
To D:\PrashantHarney\dev\code\IRP-Batch-Repo-Shared.git
 * [new branch]      master -> master

D:\PrashantHarney\dev\code\IRP-Batch-Repo>

